// Jest Snapshot v1, https://goo.gl/fbAQLP

exports[`It should match the snapshot every time it's rendered 1`] = `
Array [
  <h1>
     Welcome to QA Cinemas! 
  </h1>,
  <br />,
  <img
    alt="this is a logo"
    src="logo.jpg"
  />,
  <h2>
     Redefining the cinema experience 
  </h2>,
  <br />,
  <p>
     This is the homepage for QA cinemas. This page will provide information about movies, listings and upcoming releases. 
  </p>,
  <h3>
     Page Under Construction 
  </h3>,
  <br />,
  <br />,
  <br />,
  <br />,
  <br />,
  <br />,
  <br />,
  <br />,
  <br />,
  <br />,
]
`;
